while ( cast ( bool , cast ( class String2Id(".listNode") , 'ExprName(String2Id("x")) ) !=
                      null :: nullType ) ) { .AnnoVarModList class String2Id(".listNode") String2Id("y") ;
                      cast ( class String2Id(".listNode") , ('ExprName(String2Id("y")) =
                      cast ( class String2Id(".listNode") , cast ( class String2Id(".listNode") ,
                      cast ( class String2Id(".listNode") , 'ExprName(String2Id("x")) ) ) . String2Id("next") ))::AssignExp ) ;
                      cast ( class String2Id(".listNode") , ((cast ( class String2Id(".listNode") ,
                      cast ( class String2Id(".listNode") , 'ExprName(String2Id("x")) ) ) . String2Id("next")) =
                      cast ( class String2Id(".listNode") , 'ExprName(String2Id("p")) ))::AssignExp ) ;
                      cast ( class String2Id(".listNode") , ('ExprName(String2Id("p")) =
                      cast ( class String2Id(".listNode") , 'ExprName(String2Id("x")) ))::AssignExp ) ;
                      cast ( class String2Id(".listNode") , ('ExprName(String2Id("x")) =
                      cast ( class String2Id(".listNode") , 'ExprName(String2Id("y")) ))::AssignExp ) ; }