while ( cast ( bool , cast ( class String2Id(".listNode") , cast (
                      class String2Id(".listNode") , cast ( class String2Id(".listNode") , 'ExprName(String2Id("p")) ) ) . String2Id("next") )
                      != null :: nullType ) ) { cast ( class String2Id(".listNode") , ('ExprName(String2Id("p")) =
                      cast ( class String2Id(".listNode") , cast ( class String2Id(".listNode") , cast (
                      class String2Id(".listNode") , 'ExprName(String2Id("p")) ) ) . String2Id("next") ))::AssignExp ) ; }